2026-08-15 12:40:55 - aiop.ui - WARNING - UI modules not available: libEGL.so.1: cannot open shared object file: No such file or directory
2026-08-15 12:40:55 - aiop - INFO - AIOP v0.1.0 initializing...
2026-08-15 12:41:00 - aiop.ui - WARNING - UI modules not available: libEGL.so.1: cannot open shared object file: No such file or directory
2026-08-15 12:41:00 - aiop - INFO - AIOP v0.1.0 initializing...
2026-08-15 12:41:17 - aiop.ui - WARNING - UI modules not available: libEGL.so.1: cannot open shared object file: No such file or directory
2026-08-15 12:41:17 - aiop - INFO - AIOP v0.1.0 initializing...
2026-08-15 12:41:27 - aiop.ui - WARNING - UI modules not available: libEGL.so.1: cannot open shared object file: No such file or directory
2026-08-15 12:41:27 - aiop - INFO - AIOP v0.1.0 initializing...
2026-08-15 12:41:33 - aiop.ui - WARNING - UI modules not available: libEGL.so.1: cannot open shared object file: No such file or directory
2026-08-15 12:41:33 - aiop - INFO - AIOP v0.1.0 initializing...
2026-08-15 12:41:33 - aiop - INFO - Test log message
2026-08-15 12:41:33 - aiop - ERROR - Test error message
2026-08-15 12:41:38 - aiop.ui - WARNING - UI modules not available: libEGL.so.1: cannot open shared object file: No such file or directory
2026-08-15 12:41:38 - aiop - INFO - AIOP v0.1.0 initializing...
2026-08-15 12:41:38 - aiop - INFO - Test log message
2026-08-15 12:41:38 - aiop - ERROR - Test error message
2026-08-15 12:57:57 - aiop.ui - WARNING - UI modules not available: libEGL.so.1: cannot open shared object file: No such file or directory
2026-08-15 12:57:57 - aiop - INFO - AIOP v0.1.0 initializing...
2026-08-15 12:58:00 - aiop.ui - WARNING - UI modules not available: libEGL.so.1: cannot open shared object file: No such file or directory
2026-08-15 12:58:00 - aiop - INFO - AIOP v0.1.0 initializing...
2026-08-15 12:58:07 - aiop.ui - WARNING - UI modules not available: libEGL.so.1: cannot open shared object file: No such file or directory
2026-08-15 12:58:07 - aiop - INFO - AIOP v0.1.0 initializing...
2026-08-15 12:58:10 - aiop.ui - WARNING - UI modules not available: libEGL.so.1: cannot open shared object file: No such file or directory
2026-08-15 12:58:10 - aiop - INFO - AIOP v0.1.0 initializing...
2026-08-15 12:58:17 - aiop.ui - WARNING - UI modules not available: libEGL.so.1: cannot open shared object file: No such file or directory
2026-08-15 12:58:17 - aiop - INFO - AIOP v0.1.0 initializing...
2026-08-15 12:58:25 - aiop.ui - WARNING - UI modules not available: libEGL.so.1: cannot open shared object file: No such file or directory
2026-08-15 12:58:25 - aiop - INFO - AIOP v0.1.0 initializing...
2026-08-15 12:58:34 - aiop.ui - WARNING - UI modules not available: libEGL.so.1: cannot open shared object file: No such file or directory
2026-08-15 12:58:34 - aiop - INFO - AIOP v0.1.0 initializing...
2026-08-15 12:58:37 - aiop.ui - WARNING - UI modules not available: libEGL.so.1: cannot open shared object file: No such file or directory
2026-08-15 12:58:37 - aiop - INFO - AIOP v0.1.0 initializing...
2026-08-15 12:58:46 - aiop.ui - WARNING - UI modules not available: libEGL.so.1: cannot open shared object file: No such file or directory
2026-08-15 12:58:46 - aiop - INFO - AIOP v0.1.0 initializing...
2026-08-15 12:58:46 - aiop - ERROR - Error in VAD: 'bytes' object has no attribute 'format'
2026-08-15 12:58:53 - aiop.ui - WARNING - UI modules not available: libEGL.so.1: cannot open shared object file: No such file or directory
2026-08-15 12:58:53 - aiop - INFO - AIOP v0.1.0 initializing...
2026-08-15 12:58:53 - aiop - ERROR - Error in VAD: 'bytes' object has no attribute 'format'
2026-08-15 12:58:53 - aiop - ERROR - Failed to load config: mapping values are not allowed here
  in "/tmp/tmpd1n19p9l/config/config.yaml", line 1, column 14
2026-08-15 13:45:47 - aiop - INFO - AIOP v0.1.0 initializing...
2026-08-15 13:45:50 - aiop - INFO - AIOP v0.1.0 initializing...
2026-08-15 13:45:53 - aiop - INFO - AIOP v0.1.0 initializing...
2026-08-15 13:47:20 - aiop - INFO - AIOP v0.1.0 initializing...
2026-08-15 13:47:32 - aiop - INFO - AIOP v0.1.0 initializing...
2026-08-15 13:48:56 - aiop - INFO - AIOP v0.1.0 initializing...
2026-08-15 13:49:01 - aiop - INFO - AIOP v0.1.0 initializing...
2026-08-15 13:49:08 - aiop - INFO - AIOP v0.1.0 initializing...
2026-08-17 12:44:21 - aiop.ui - WARNING - UI modules not available: libEGL.so.1: cannot open shared object file: No such file or directory
2026-08-17 12:44:21 - aiop - INFO - AIOP v0.1.0 initializing...
2026-08-17 12:44:56 - aiop.ui - WARNING - UI modules not available: cannot import name 'TranscriptionResult' from 'aiop.speech' (/workspace/src/aiop/speech/__init__.py)
2026-08-17 12:44:56 - aiop - INFO - AIOP v0.1.0 initializing...
2026-08-17 12:45:18 - aiop.ui - WARNING - UI modules not available: cannot import name 'get_clipboard' from 'aiop.windows' (/workspace/src/aiop/windows/__init__.py)
2026-08-17 12:45:18 - aiop - INFO - AIOP v0.1.0 initializing...
2026-08-17 12:45:41 - aiop.ui - WARNING - UI modules not available: No module named 'aiop.ui.settings_dialog'
2026-08-17 12:45:41 - aiop - INFO - AIOP v0.1.0 initializing...
2026-08-17 12:46:01 - aiop.ui - WARNING - UI modules not available: No module named 'aiop.ui.settings_dialog'
2026-08-17 12:46:01 - aiop - INFO - AIOP v0.1.0 initializing...
2026-08-17 12:46:06 - aiop.ui - WARNING - UI modules not available: No module named 'aiop.ui.settings_dialog'
2026-08-17 12:46:06 - aiop - INFO - AIOP v0.1.0 initializing...
2026-08-17 12:46:12 - aiop.ui - WARNING - UI modules not available: No module named 'aiop.ui.settings_dialog'
2026-08-17 12:46:12 - aiop - INFO - AIOP v0.1.0 initializing...
2026-08-17 12:56:55 - aiop.ui - WARNING - UI modules not available: cannot import name 'TranscriptionResult' from 'aiop.speech' (/workspace/src/aiop/speech/__init__.py)
2026-08-17 12:56:55 - aiop - INFO - AIOP v0.1.0 initializing...
2026-08-17 12:56:55 - aiop - INFO - Test log message
2026-08-17 12:56:55 - aiop - ERROR - Test error message
2026-08-17 12:56:55 - aiop - ERROR - Error in VAD: 'bytes' object has no attribute 'format'
2026-08-17 12:56:56 - aiop - ERROR - Failed to load config: mapping values are not allowed here
  in "/tmp/pytest-of-root/pytest-0/test_invalid_config_recovery0/config/config.yaml", line 1, column 14
2026-08-17 12:57:42 - aiop.ui - WARNING - UI modules not available: cannot import name 'TranscriptionResult' from 'aiop.speech' (/workspace/src/aiop/speech/__init__.py)
2026-08-17 12:57:42 - aiop - INFO - AIOP v0.1.0 initializing...
2026-08-17 12:57:42 - aiop - INFO - Test log message
2026-08-17 12:57:42 - aiop - ERROR - Test error message
2026-08-17 12:57:42 - aiop - ERROR - Error in VAD: 'bytes' object has no attribute 'format'
2026-08-17 12:57:42 - aiop - ERROR - Failed to load config: mapping values are not allowed here
  in "/tmp/pytest-of-root/pytest-1/test_invalid_config_recovery0/config/config.yaml", line 1, column 14
2026-08-17 12:57:46 - aiop.ui - WARNING - UI modules not available: cannot import name 'TranscriptionResult' from 'aiop.speech' (/workspace/src/aiop/speech/__init__.py)
2026-08-17 12:57:46 - aiop - INFO - AIOP v0.1.0 initializing...
2026-08-17 12:58:00 - aiop.ui - WARNING - UI modules not available: cannot import name 'TranscriptionResult' from 'aiop.speech' (/workspace/src/aiop/speech/__init__.py)
2026-08-17 12:58:00 - aiop - INFO - AIOP v0.1.0 initializing...
2026-08-17 12:58:00 - aiop - INFO - Test log message
2026-08-17 12:58:00 - aiop - ERROR - Test error message
2026-08-17 12:58:00 - aiop - ERROR - Error in VAD: 'bytes' object has no attribute 'format'
2026-08-17 12:58:00 - aiop - ERROR - Failed to load config: mapping values are not allowed here
  in "/tmp/pytest-of-root/pytest-2/test_invalid_config_recovery0/config/config.yaml", line 1, column 14
2026-08-17 12:58:05 - aiop.ui - WARNING - UI modules not available: cannot import name 'TranscriptionResult' from 'aiop.speech' (/workspace/src/aiop/speech/__init__.py)
2026-08-17 12:58:05 - aiop - INFO - AIOP v0.1.0 initializing...
2026-08-17 12:58:16 - aiop.ui - WARNING - UI modules not available: cannot import name 'get_clipboard' from 'aiop.windows' (/workspace/src/aiop/windows/__init__.py)
2026-08-17 12:58:16 - aiop - INFO - AIOP v0.1.0 initializing...
2026-08-17 12:58:17 - aiop - INFO - Test log message
2026-08-17 12:58:17 - aiop - ERROR - Test error message
2026-08-17 12:58:17 - aiop - ERROR - Error in VAD: 'bytes' object has no attribute 'format'
2026-08-17 12:58:17 - aiop - INFO - Downloading model: tiny (75.00 MB)
2026-08-17 12:58:18 - aiop - ERROR - Checksum verification failed for tiny
2026-08-17 12:58:18 - aiop - WARNING - Failed to load whisper model: Model not found and failed to download: tiny
2026-08-17 12:58:18 - aiop - INFO - Downloading model: tiny (75.00 MB)
2026-08-17 12:58:20 - aiop - ERROR - Checksum verification failed for tiny
2026-08-17 12:58:20 - aiop - WARNING - Failed to load whisper model: Model not found and failed to download: tiny
2026-08-17 12:58:20 - aiop - INFO - Downloading model: tiny (75.00 MB)
2026-08-17 12:58:22 - aiop - ERROR - Checksum verification failed for tiny
2026-08-17 12:58:22 - aiop - WARNING - Failed to load whisper model: Model not found and failed to download: tiny
2026-08-17 12:58:22 - aiop - ERROR - Failed to load config: mapping values are not allowed here
  in "/tmp/pytest-of-root/pytest-3/test_invalid_config_recovery0/config/config.yaml", line 1, column 14
2026-08-17 12:58:26 - aiop.ui - WARNING - UI modules not available: cannot import name 'get_clipboard' from 'aiop.windows' (/workspace/src/aiop/windows/__init__.py)
2026-08-17 12:58:26 - aiop - INFO - AIOP v0.1.0 initializing...
2026-08-17 12:58:26 - aiop - INFO - Downloading model: tiny (75.00 MB)
2026-08-17 12:58:28 - aiop - ERROR - Checksum verification failed for tiny
2026-08-17 12:58:28 - aiop - WARNING - Failed to load whisper model: Model not found and failed to download: tiny
2026-08-17 12:58:32 - aiop.ui - WARNING - UI modules not available: cannot import name 'get_clipboard' from 'aiop.windows' (/workspace/src/aiop/windows/__init__.py)
2026-08-17 12:58:32 - aiop - INFO - AIOP v0.1.0 initializing...
2026-08-17 12:58:32 - aiop - INFO - Downloading model: tiny (75.00 MB)
2026-08-17 12:58:34 - aiop - ERROR - Checksum verification failed for tiny
2026-08-17 12:58:34 - aiop - WARNING - Failed to load whisper model: Model not found and failed to download: tiny
2026-08-17 12:58:49 - aiop.ui - WARNING - UI modules not available: cannot import name 'get_clipboard' from 'aiop.windows' (/workspace/src/aiop/windows/__init__.py)
2026-08-17 12:58:49 - aiop - INFO - AIOP v0.1.0 initializing...
2026-08-17 12:58:50 - aiop - INFO - Test log message
2026-08-17 12:58:50 - aiop - ERROR - Test error message
2026-08-17 12:58:50 - aiop - ERROR - Error in VAD: 'bytes' object has no attribute 'format'
2026-08-17 12:58:50 - aiop - INFO - Downloading model: tiny (75.00 MB)
2026-08-17 12:58:52 - aiop - ERROR - Checksum verification failed for tiny
2026-08-17 12:58:52 - aiop - WARNING - Failed to load whisper model: Model not found and failed to download: tiny
2026-08-17 12:58:52 - aiop - INFO - Downloading model: tiny (75.00 MB)
2026-08-17 12:58:54 - aiop - ERROR - Checksum verification failed for tiny
2026-08-17 12:58:54 - aiop - WARNING - Failed to load whisper model: Model not found and failed to download: tiny
2026-08-17 12:58:54 - aiop - INFO - Transcription started
2026-08-17 12:58:54 - aiop - INFO - Transcription stopped
2026-08-17 12:58:54 - aiop - INFO - Downloading model: tiny (75.00 MB)
2026-08-17 12:58:55 - aiop - ERROR - Checksum verification failed for tiny
2026-08-17 12:58:55 - aiop - WARNING - Failed to load whisper model: Model not found and failed to download: tiny
2026-08-17 12:58:55 - aiop - ERROR - Failed to load config: mapping values are not allowed here
  in "/tmp/pytest-of-root/pytest-4/test_invalid_config_recovery0/config/config.yaml", line 1, column 14
2026-08-17 13:04:05 - aiop.ui - WARNING - UI modules not available: cannot import name 'get_clipboard' from 'aiop.windows' (/workspace/src/aiop/windows/__init__.py)
2026-08-17 13:04:05 - aiop - INFO - AIOP v0.1.0 initializing...
2026-08-17 13:04:34 - aiop.ui - WARNING - UI modules not available: cannot import name 'get_clipboard' from 'aiop.windows' (/workspace/src/aiop/windows/__init__.py)
2026-08-17 13:04:34 - aiop - INFO - AIOP v0.1.0 initializing...
2026-08-17 13:04:37 - aiop.ui - WARNING - UI modules not available: cannot import name 'get_clipboard' from 'aiop.windows' (/workspace/src/aiop/windows/__init__.py)
2026-08-17 13:04:37 - aiop - INFO - AIOP v0.1.0 initializing...
2026-08-17 13:04:37 - aiop - INFO - Test log message
2026-08-17 13:04:37 - aiop - ERROR - Test error message
2026-08-17 13:04:38 - aiop - ERROR - Error in VAD: 'bytes' object has no attribute 'format'
2026-08-17 13:04:38 - aiop - INFO - Downloading model: tiny (75.00 MB)
2026-08-17 13:04:39 - aiop - ERROR - Checksum verification failed for tiny
2026-08-17 13:04:39 - aiop - WARNING - Failed to load whisper model: Model not found and failed to download: tiny
2026-08-17 13:04:39 - aiop - INFO - Downloading model: tiny (75.00 MB)
2026-08-17 13:04:41 - aiop - ERROR - Checksum verification failed for tiny
2026-08-17 13:04:41 - aiop - WARNING - Failed to load whisper model: Model not found and failed to download: tiny
2026-08-17 13:04:41 - aiop - INFO - Transcription started
2026-08-17 13:04:41 - aiop - INFO - Transcription stopped
2026-08-17 13:04:41 - aiop - INFO - Downloading model: tiny (75.00 MB)
2026-08-17 13:04:43 - aiop - ERROR - Checksum verification failed for tiny
2026-08-17 13:04:43 - aiop - WARNING - Failed to load whisper model: Model not found and failed to download: tiny
2026-08-17 13:04:43 - aiop - ERROR - Failed to load config: mapping values are not allowed here
  in "/tmp/pytest-of-root/pytest-5/test_invalid_config_recovery0/config/config.yaml", line 1, column 14
2026-08-17 13:06:26 - aiop.ui - WARNING - UI modules not available: cannot import name 'get_clipboard' from 'aiop.windows' (/workspace/src/aiop/windows/__init__.py)
2026-08-17 13:06:26 - aiop - INFO - AIOP v0.1.0 initializing...
2026-08-17 13:06:33 - aiop.ui - WARNING - UI modules not available: cannot import name 'get_clipboard' from 'aiop.windows' (/workspace/src/aiop/windows/__init__.py)
2026-08-17 13:06:33 - aiop - INFO - AIOP v0.1.0 initializing...
2026-08-17 13:06:42 - aiop.ui - WARNING - UI modules not available: cannot import name 'get_clipboard' from 'aiop.windows' (/workspace/src/aiop/windows/__init__.py)
2026-08-17 13:06:42 - aiop - INFO - AIOP v0.1.0 initializing...
2026-08-17 13:07:02 - aiop.ui - WARNING - UI modules not available: cannot import name 'get_win32_api' from 'aiop.windows' (/workspace/src/aiop/windows/__init__.py)
2026-08-17 13:07:02 - aiop - INFO - AIOP v0.1.0 initializing...
2026-08-17 13:07:19 - aiop.ui - WARNING - UI modules not available: cannot import name 'get_transcriber' from 'aiop.speech' (/workspace/src/aiop/speech/__init__.py)
2026-08-17 13:07:19 - aiop - INFO - AIOP v0.1.0 initializing...
2026-08-17 13:07:33 - aiop.ui - WARNING - UI modules not available: cannot import name 'register_hotkey' from 'aiop.windows' (/workspace/src/aiop/windows/__init__.py)
2026-08-17 13:07:33 - aiop - INFO - AIOP v0.1.0 initializing...
2026-08-17 13:07:43 - aiop - INFO - AIOP v0.1.0 initializing...
2026-08-17 13:07:47 - aiop - INFO - AIOP v0.1.0 initializing...
2026-08-17 13:07:54 - aiop - INFO - AIOP v0.1.0 initializing...
2026-08-17 13:07:54 - aiop - INFO - AI Operating Platform starting...
2026-08-17 13:07:54 - aiop - INFO - Config directory: /root/.config/aiop/config
2026-08-17 13:07:54 - aiop - INFO - Log directory: /root/.config/aiop/logs
2026-08-17 13:07:54 - aiop - ERROR - Missing dependencies: pyyaml
2026-08-17 13:08:01 - aiop - INFO - AIOP v0.1.0 initializing...
2026-08-17 13:08:01 - aiop - INFO - AI Operating Platform starting...
2026-08-17 13:08:01 - aiop - INFO - Config directory: /root/.config/aiop/config
2026-08-17 13:08:01 - aiop - INFO - Log directory: /root/.config/aiop/logs
2026-08-17 13:08:01 - aiop - ERROR - Missing dependencies: pyyaml
2026-08-17 13:08:21 - aiop - INFO - AIOP v0.1.0 initializing...
2026-08-17 13:08:21 - aiop - INFO - AI Operating Platform starting...
2026-08-17 13:08:21 - aiop - INFO - Config directory: /root/.config/aiop/config
2026-08-17 13:08:21 - aiop - INFO - Log directory: /root/.config/aiop/logs
2026-08-17 13:08:21 - aiop - ERROR - Missing dependencies: pyyaml
2026-08-17 13:08:42 - aiop - INFO - AIOP v0.1.0 initializing...
2026-08-17 13:08:42 - aiop - INFO - AI Operating Platform starting...
2026-08-17 13:08:42 - aiop - INFO - Config directory: /root/.config/aiop/config
2026-08-17 13:08:42 - aiop - INFO - Log directory: /root/.config/aiop/logs
2026-08-17 13:08:42 - aiop - WARNING - whisper.cpp library not available: whisper.cpp library not found. Please download from https://github.com/ggerganov/whisper.cpp and place whisper.dll in the models directory.
2026-08-17 13:23:34 - aiop - INFO - AIOP v0.1.0 initializing...
2026-08-17 13:23:34 - aiop - INFO - whispercpp Python package is available
2026-08-17 13:23:38 - aiop - INFO - AIOP v0.1.0 initializing...
2026-08-17 13:23:38 - aiop - INFO - AI Operating Platform starting...
2026-08-17 13:23:38 - aiop - INFO - Config directory: /root/.config/aiop/config
2026-08-17 13:23:38 - aiop - INFO - Log directory: /root/.config/aiop/logs
2026-08-17 13:23:38 - aiop - INFO - whispercpp Python package is available
2026-08-17 13:23:42 - aiop - INFO - AIOP v0.1.0 initializing...
2026-08-17 13:23:42 - aiop - INFO - AI Operating Platform starting...
2026-08-17 13:23:42 - aiop - INFO - Config directory: /root/.config/aiop/config
2026-08-17 13:23:42 - aiop - INFO - Log directory: /root/.config/aiop/logs
2026-08-17 13:23:42 - aiop - INFO - whispercpp Python package is available
2026-08-17 13:23:46 - aiop - INFO - AIOP v0.1.0 initializing...
2026-08-17 13:23:46 - aiop - INFO - AI Operating Platform starting...
2026-08-17 13:23:46 - aiop - INFO - Config directory: /root/.config/aiop/config
2026-08-17 13:23:46 - aiop - INFO - Log directory: /root/.config/aiop/logs
2026-08-17 13:23:46 - aiop - INFO - whispercpp Python package is available
2026-08-17 13:23:46 - aiop - INFO - Downloading model: base.en (142.00 MB)
2026-08-17 13:23:49 - aiop - ERROR - Checksum verification failed for base.en
2026-08-17 13:23:49 - aiop - WARNING - Failed to load whisper model: Model not found and failed to download: base.en
2026-08-17 13:23:49 - aiop - ERROR - Application error: type object 'QTextEdit' has no attribute 'WordWrapMode'
2026-08-17 13:24:13 - aiop - INFO - AIOP v0.1.0 initializing...
2026-08-17 13:24:13 - aiop - INFO - AI Operating Platform starting...
2026-08-17 13:24:13 - aiop - INFO - Config directory: /root/.config/aiop/config
2026-08-17 13:24:13 - aiop - INFO - Log directory: /root/.config/aiop/logs
2026-08-17 13:24:14 - aiop - INFO - whispercpp Python package is available
2026-08-17 13:24:14 - aiop - INFO - Downloading model: base.en (142.00 MB)
2026-08-17 13:24:16 - aiop - ERROR - Checksum verification failed for base.en
2026-08-17 13:24:16 - aiop - WARNING - Failed to load whisper model: Model not found and failed to download: base.en
2026-08-17 13:24:16 - aiop - ERROR - Application error: module 'ctypes' has no attribute 'WinDLL'
2026-08-17 13:24:45 - aiop - INFO - AIOP v0.1.0 initializing...
2026-08-17 13:24:45 - aiop - INFO - AI Operating Platform starting...
2026-08-17 13:24:45 - aiop - INFO - Config directory: /root/.config/aiop/config
2026-08-17 13:24:45 - aiop - INFO - Log directory: /root/.config/aiop/logs
2026-08-17 13:24:45 - aiop - INFO - whispercpp Python package is available
2026-08-17 13:24:45 - aiop - INFO - Downloading model: base.en (142.00 MB)
2026-08-17 13:24:48 - aiop - ERROR - Checksum verification failed for base.en
2026-08-17 13:24:48 - aiop - WARNING - Failed to load whisper model: Model not found and failed to download: base.en
2026-08-17 13:24:48 - aiop - WARNING - Clipboard features are only available on Windows
2026-08-17 13:24:48 - aiop - ERROR - Failed to get clipboard text: 'NoneType' object has no attribute 'OpenClipboard'
2026-08-17 13:24:48 - aiop - INFO - Downloading model: base.en (142.00 MB)
2026-08-17 13:24:51 - aiop - ERROR - Checksum verification failed for base.en
2026-08-17 13:24:51 - aiop - WARNING - Failed to load whisper model: Model not found and failed to download: base.en
2026-08-17 13:24:51 - aiop - ERROR - Failed to register hotkeys: module 'ctypes' has no attribute 'WinDLL'
2026-08-17 13:24:51 - aiop - ERROR - Failed to get clipboard text: 'NoneType' object has no attribute 'OpenClipboard'
2026-08-17 13:24:52 - aiop - ERROR - Failed to get clipboard text: 'NoneType' object has no attribute 'OpenClipboard'
2026-08-17 13:24:53 - aiop - ERROR - Failed to get clipboard text: 'NoneType' object has no attribute 'OpenClipboard'
2026-08-17 13:24:54 - aiop - ERROR - Failed to get clipboard text: 'NoneType' object has no attribute 'OpenClipboard'
2026-08-17 13:24:55 - aiop - ERROR - Failed to get clipboard text: 'NoneType' object has no attribute 'OpenClipboard'
2026-08-17 13:24:56 - aiop - ERROR - Failed to get clipboard text: 'NoneType' object has no attribute 'OpenClipboard'
2026-08-17 13:24:57 - aiop - ERROR - Failed to get clipboard text: 'NoneType' object has no attribute 'OpenClipboard'
2026-08-17 13:24:58 - aiop - ERROR - Failed to get clipboard text: 'NoneType' object has no attribute 'OpenClipboard'
2026-08-17 13:24:59 - aiop - ERROR - Failed to get clipboard text: 'NoneType' object has no attribute 'OpenClipboard'
2026-08-17 13:25:00 - aiop - ERROR - Failed to get clipboard text: 'NoneType' object has no attribute 'OpenClipboard'
2026-08-17 13:25:01 - aiop - ERROR - Failed to get clipboard text: 'NoneType' object has no attribute 'OpenClipboard'
2026-08-17 13:25:02 - aiop - ERROR - Failed to get clipboard text: 'NoneType' object has no attribute 'OpenClipboard'
2026-08-17 13:25:03 - aiop - ERROR - Failed to get clipboard text: 'NoneType' object has no attribute 'OpenClipboard'
2026-08-17 13:25:04 - aiop - ERROR - Failed to get clipboard text: 'NoneType' object has no attribute 'OpenClipboard'
2026-08-17 13:25:05 - aiop - ERROR - Failed to get clipboard text: 'NoneType' object has no attribute 'OpenClipboard'
2026-08-17 13:25:06 - aiop - ERROR - Failed to get clipboard text: 'NoneType' object has no attribute 'OpenClipboard'
2026-08-17 13:25:07 - aiop - ERROR - Failed to get clipboard text: 'NoneType' object has no attribute 'OpenClipboard'
2026-08-17 13:25:08 - aiop - ERROR - Failed to get clipboard text: 'NoneType' object has no attribute 'OpenClipboard'
2026-08-17 13:25:09 - aiop - ERROR - Failed to get clipboard text: 'NoneType' object has no attribute 'OpenClipboard'
2026-08-17 13:25:10 - aiop - ERROR - Failed to get clipboard text: 'NoneType' object has no attribute 'OpenClipboard'
2026-08-17 13:25:11 - aiop - ERROR - Failed to get clipboard text: 'NoneType' object has no attribute 'OpenClipboard'
2026-08-17 13:25:12 - aiop - ERROR - Failed to get clipboard text: 'NoneType' object has no attribute 'OpenClipboard'
2026-08-17 13:25:13 - aiop - ERROR - Failed to get clipboard text: 'NoneType' object has no attribute 'OpenClipboard'
2026-08-17 13:25:14 - aiop - ERROR - Failed to get clipboard text: 'NoneType' object has no attribute 'OpenClipboard'
2026-08-17 13:25:15 - aiop - ERROR - Failed to get clipboard text: 'NoneType' object has no attribute 'OpenClipboard'
2026-08-17 13:25:16 - aiop - ERROR - Failed to get clipboard text: 'NoneType' object has no attribute 'OpenClipboard'
2026-08-17 13:25:17 - aiop - ERROR - Failed to get clipboard text: 'NoneType' object has no attribute 'OpenClipboard'
2026-08-17 13:25:18 - aiop - ERROR - Failed to get clipboard text: 'NoneType' object has no attribute 'OpenClipboard'
2026-08-17 13:25:19 - aiop - ERROR - Failed to get clipboard text: 'NoneType' object has no attribute 'OpenClipboard'
2026-08-17 13:25:20 - aiop - ERROR - Failed to get clipboard text: 'NoneType' object has no attribute 'OpenClipboard'
2026-08-17 13:25:21 - aiop - ERROR - Failed to get clipboard text: 'NoneType' object has no attribute 'OpenClipboard'
2026-08-17 13:25:22 - aiop - ERROR - Failed to get clipboard text: 'NoneType' object has no attribute 'OpenClipboard'
2026-08-17 13:25:23 - aiop - ERROR - Failed to get clipboard text: 'NoneType' object has no attribute 'OpenClipboard'
2026-08-17 13:25:24 - aiop - ERROR - Failed to get clipboard text: 'NoneType' object has no attribute 'OpenClipboard'
2026-08-17 13:25:25 - aiop - ERROR - Failed to get clipboard text: 'NoneType' object has no attribute 'OpenClipboard'
2026-08-17 13:25:26 - aiop - ERROR - Failed to get clipboard text: 'NoneType' object has no attribute 'OpenClipboard'
2026-08-17 13:25:27 - aiop - ERROR - Failed to get clipboard text: 'NoneType' object has no attribute 'OpenClipboard'
2026-08-17 13:25:28 - aiop - ERROR - Failed to get clipboard text: 'NoneType' object has no attribute 'OpenClipboard'
2026-08-17 13:25:29 - aiop - ERROR - Failed to get clipboard text: 'NoneType' object has no attribute 'OpenClipboard'
2026-08-17 13:25:30 - aiop - ERROR - Failed to get clipboard text: 'NoneType' object has no attribute 'OpenClipboard'
2026-08-17 13:25:31 - aiop - ERROR - Failed to get clipboard text: 'NoneType' object has no attribute 'OpenClipboard'
2026-08-17 13:25:32 - aiop - ERROR - Failed to get clipboard text: 'NoneType' object has no attribute 'OpenClipboard'
2026-08-17 13:25:33 - aiop - ERROR - Failed to get clipboard text: 'NoneType' object has no attribute 'OpenClipboard'
2026-08-17 13:25:34 - aiop - ERROR - Failed to get clipboard text: 'NoneType' object has no attribute 'OpenClipboard'
2026-08-17 13:25:35 - aiop - ERROR - Failed to get clipboard text: 'NoneType' object has no attribute 'OpenClipboard'
2026-08-17 13:25:36 - aiop - ERROR - Failed to get clipboard text: 'NoneType' object has no attribute 'OpenClipboard'
2026-08-17 13:25:37 - aiop - ERROR - Failed to get clipboard text: 'NoneType' object has no attribute 'OpenClipboard'
2026-08-17 13:25:38 - aiop - ERROR - Failed to get clipboard text: 'NoneType' object has no attribute 'OpenClipboard'
2026-08-17 13:25:39 - aiop - ERROR - Failed to get clipboard text: 'NoneType' object has no attribute 'OpenClipboard'
2026-08-17 13:25:40 - aiop - ERROR - Failed to get clipboard text: 'NoneType' object has no attribute 'OpenClipboard'
2026-08-17 13:25:41 - aiop - ERROR - Failed to get clipboard text: 'NoneType' object has no attribute 'OpenClipboard'
2026-08-17 13:25:42 - aiop - ERROR - Failed to get clipboard text: 'NoneType' object has no attribute 'OpenClipboard'
2026-08-17 13:25:43 - aiop - ERROR - Failed to get clipboard text: 'NoneType' object has no attribute 'OpenClipboard'
2026-08-17 13:25:44 - aiop - ERROR - Failed to get clipboard text: 'NoneType' object has no attribute 'OpenClipboard'
2026-08-17 13:25:45 - aiop - ERROR - Failed to get clipboard text: 'NoneType' object has no attribute 'OpenClipboard'
2026-08-17 13:25:46 - aiop - ERROR - Failed to get clipboard text: 'NoneType' object has no attribute 'OpenClipboard'
2026-08-17 13:25:47 - aiop - ERROR - Failed to get clipboard text: 'NoneType' object has no attribute 'OpenClipboard'
2026-08-17 13:25:48 - aiop - ERROR - Failed to get clipboard text: 'NoneType' object has no attribute 'OpenClipboard'
2026-08-17 13:25:49 - aiop - ERROR - Failed to get clipboard text: 'NoneType' object has no attribute 'OpenClipboard'
2026-08-17 13:25:50 - aiop - ERROR - Failed to get clipboard text: 'NoneType' object has no attribute 'OpenClipboard'
2026-08-17 13:25:51 - aiop - ERROR - Failed to get clipboard text: 'NoneType' object has no attribute 'OpenClipboard'
2026-08-17 13:25:52 - aiop - ERROR - Failed to get clipboard text: 'NoneType' object has no attribute 'OpenClipboard'
2026-08-17 13:25:53 - aiop - ERROR - Failed to get clipboard text: 'NoneType' object has no attribute 'OpenClipboard'
2026-08-17 13:25:54 - aiop - ERROR - Failed to get clipboard text: 'NoneType' object has no attribute 'OpenClipboard'
2026-08-17 13:25:55 - aiop - ERROR - Failed to get clipboard text: 'NoneType' object has no attribute 'OpenClipboard'
2026-08-17 13:25:56 - aiop - ERROR - Failed to get clipboard text: 'NoneType' object has no attribute 'OpenClipboard'
2026-08-17 13:25:57 - aiop - ERROR - Failed to get clipboard text: 'NoneType' object has no attribute 'OpenClipboard'
2026-08-17 13:25:58 - aiop - ERROR - Failed to get clipboard text: 'NoneType' object has no attribute 'OpenClipboard'
2026-08-17 13:25:59 - aiop - ERROR - Failed to get clipboard text: 'NoneType' object has no attribute 'OpenClipboard'
2026-08-17 13:26:00 - aiop - ERROR - Failed to get clipboard text: 'NoneType' object has no attribute 'OpenClipboard'
2026-08-17 13:26:01 - aiop - ERROR - Failed to get clipboard text: 'NoneType' object has no attribute 'OpenClipboard'
2026-08-17 13:26:02 - aiop - ERROR - Failed to get clipboard text: 'NoneType' object has no attribute 'OpenClipboard'
2026-08-17 13:26:03 - aiop - ERROR - Failed to get clipboard text: 'NoneType' object has no attribute 'OpenClipboard'
2026-08-17 13:26:04 - aiop - ERROR - Failed to get clipboard text: 'NoneType' object has no attribute 'OpenClipboard'
2026-08-17 13:26:05 - aiop - ERROR - Failed to get clipboard text: 'NoneType' object has no attribute 'OpenClipboard'
2026-08-17 13:26:06 - aiop - ERROR - Failed to get clipboard text: 'NoneType' object has no attribute 'OpenClipboard'
2026-08-17 13:26:07 - aiop - ERROR - Failed to get clipboard text: 'NoneType' object has no attribute 'OpenClipboard'
2026-08-17 13:26:08 - aiop - ERROR - Failed to get clipboard text: 'NoneType' object has no attribute 'OpenClipboard'
2026-08-17 13:26:09 - aiop - ERROR - Failed to get clipboard text: 'NoneType' object has no attribute 'OpenClipboard'
2026-08-17 13:26:10 - aiop - ERROR - Failed to get clipboard text: 'NoneType' object has no attribute 'OpenClipboard'
2026-08-17 13:26:11 - aiop - ERROR - Failed to get clipboard text: 'NoneType' object has no attribute 'OpenClipboard'
2026-08-17 13:26:12 - aiop - ERROR - Failed to get clipboard text: 'NoneType' object has no attribute 'OpenClipboard'
2026-08-17 13:26:13 - aiop - ERROR - Failed to get clipboard text: 'NoneType' object has no attribute 'OpenClipboard'
2026-08-17 13:26:14 - aiop - ERROR - Failed to get clipboard text: 'NoneType' object has no attribute 'OpenClipboard'
2026-08-17 13:26:15 - aiop - ERROR - Failed to get clipboard text: 'NoneType' object has no attribute 'OpenClipboard'
2026-08-17 13:26:16 - aiop - ERROR - Failed to get clipboard text: 'NoneType' object has no attribute 'OpenClipboard'
2026-08-17 13:26:17 - aiop - ERROR - Failed to get clipboard text: 'NoneType' object has no attribute 'OpenClipboard'
2026-08-17 13:26:18 - aiop - ERROR - Failed to get clipboard text: 'NoneType' object has no attribute 'OpenClipboard'
2026-08-17 13:26:19 - aiop - ERROR - Failed to get clipboard text: 'NoneType' object has no attribute 'OpenClipboard'
2026-08-17 13:26:20 - aiop - ERROR - Failed to get clipboard text: 'NoneType' object has no attribute 'OpenClipboard'
2026-08-17 13:26:21 - aiop - ERROR - Failed to get clipboard text: 'NoneType' object has no attribute 'OpenClipboard'
2026-08-17 13:26:22 - aiop - ERROR - Failed to get clipboard text: 'NoneType' object has no attribute 'OpenClipboard'
2026-08-17 13:26:23 - aiop - ERROR - Failed to get clipboard text: 'NoneType' object has no attribute 'OpenClipboard'
2026-08-17 13:26:24 - aiop - ERROR - Failed to get clipboard text: 'NoneType' object has no attribute 'OpenClipboard'
2026-08-17 13:26:25 - aiop - ERROR - Failed to get clipboard text: 'NoneType' object has no attribute 'OpenClipboard'
2026-08-17 13:26:26 - aiop - ERROR - Failed to get clipboard text: 'NoneType' object has no attribute 'OpenClipboard'
2026-08-17 13:26:27 - aiop - ERROR - Failed to get clipboard text: 'NoneType' object has no attribute 'OpenClipboard'
2026-08-17 13:26:28 - aiop - ERROR - Failed to get clipboard text: 'NoneType' object has no attribute 'OpenClipboard'
2026-08-17 13:26:29 - aiop - ERROR - Failed to get clipboard text: 'NoneType' object has no attribute 'OpenClipboard'
2026-08-17 13:26:30 - aiop - ERROR - Failed to get clipboard text: 'NoneType' object has no attribute 'OpenClipboard'
2026-08-17 13:26:31 - aiop - ERROR - Failed to get clipboard text: 'NoneType' object has no attribute 'OpenClipboard'
2026-08-17 13:26:32 - aiop - ERROR - Failed to get clipboard text: 'NoneType' object has no attribute 'OpenClipboard'
2026-08-17 13:26:33 - aiop - ERROR - Failed to get clipboard text: 'NoneType' object has no attribute 'OpenClipboard'
2026-08-17 13:26:34 - aiop - ERROR - Failed to get clipboard text: 'NoneType' object has no attribute 'OpenClipboard'
2026-08-17 13:26:35 - aiop - ERROR - Failed to get clipboard text: 'NoneType' object has no attribute 'OpenClipboard'
2026-08-17 13:26:36 - aiop - ERROR - Failed to get clipboard text: 'NoneType' object has no attribute 'OpenClipboard'
2026-08-17 13:26:37 - aiop - ERROR - Failed to get clipboard text: 'NoneType' object has no attribute 'OpenClipboard'
2026-08-17 13:26:38 - aiop - ERROR - Failed to get clipboard text: 'NoneType' object has no attribute 'OpenClipboard'
2026-08-17 13:26:39 - aiop - ERROR - Failed to get clipboard text: 'NoneType' object has no attribute 'OpenClipboard'
2026-08-17 13:26:40 - aiop - ERROR - Failed to get clipboard text: 'NoneType' object has no attribute 'OpenClipboard'
2026-08-17 13:26:41 - aiop - ERROR - Failed to get clipboard text: 'NoneType' object has no attribute 'OpenClipboard'
2026-08-17 13:26:42 - aiop - ERROR - Failed to get clipboard text: 'NoneType' object has no attribute 'OpenClipboard'
2026-08-17 13:26:43 - aiop - ERROR - Failed to get clipboard text: 'NoneType' object has no attribute 'OpenClipboard'
2026-08-17 13:26:44 - aiop - ERROR - Failed to get clipboard text: 'NoneType' object has no attribute 'OpenClipboard'
2026-08-17 13:26:45 - aiop - ERROR - Failed to get clipboard text: 'NoneType' object has no attribute 'OpenClipboard'
2026-08-17 13:26:46 - aiop - ERROR - Failed to get clipboard text: 'NoneType' object has no attribute 'OpenClipboard'
2026-08-18 11:46:38 - aiop - INFO - AIOP v0.1.0 initializing...
2026-08-18 11:46:48 - aiop - INFO - AIOP v0.1.0 initializing...
2026-08-18 11:47:06 - aiop - INFO - AIOP v0.1.0 initializing...
2026-08-18 11:47:08 - aiop - INFO - AIOP v0.1.0 initializing...
2026-08-18 11:47:08 - aiop - INFO - AI Operating Platform starting...
2026-08-18 11:47:08 - aiop - INFO - Config directory: /root/.config/aiop/config
2026-08-18 11:47:08 - aiop - INFO - Log directory: /root/.config/aiop/logs
2026-08-18 11:47:08 - aiop - WARNING - whisper.cpp library not available: whisper.cpp library not found. Please download from https://github.com/ggerganov/whisper.cpp and place whisper.dll in the models directory.
2026-08-18 11:47:15 - aiop - INFO - AIOP v0.1.0 initializing...
2026-08-18 11:47:15 - aiop - INFO - AI Operating Platform starting...
2026-08-18 11:47:15 - aiop - INFO - Config directory: /root/.config/aiop/config
2026-08-18 11:47:15 - aiop - INFO - Log directory: /root/.config/aiop/logs
2026-08-18 11:47:15 - aiop - WARNING - whisper.cpp library not available: whisper.cpp library not found. Please download from https://github.com/ggerganov/whisper.cpp and place whisper.dll in the models directory.
2026-08-18 11:47:18 - aiop - INFO - AIOP v0.1.0 initializing...
2026-08-18 11:47:18 - aiop - INFO - AI Operating Platform starting...
2026-08-18 11:47:18 - aiop - INFO - Config directory: /root/.config/aiop/config
2026-08-18 11:47:18 - aiop - INFO - Log directory: /root/.config/aiop/logs
2026-08-18 11:47:18 - aiop - WARNING - whisper.cpp library not available: whisper.cpp library not found. Please download from https://github.com/ggerganov/whisper.cpp and place whisper.dll in the models directory.
2026-08-18 11:47:18 - aiop - INFO - Downloading model: base.en (142.00 MB)
2026-08-18 11:47:21 - aiop - ERROR - Checksum verification failed for base.en
2026-08-18 11:47:21 - aiop - WARNING - Failed to load whisper model: Model not found and failed to download: base.en
2026-08-18 11:47:21 - aiop - WARNING - Clipboard features are only available on Windows
2026-08-18 11:47:21 - aiop - WARNING - Clipboard not available on this platform
2026-08-18 11:47:21 - aiop - INFO - Downloading model: base.en (142.00 MB)
2026-08-20 13:10:46 - aiop.ui - WARNING - UI modules not available: libEGL.so.1: cannot open shared object file: No such file or directory
2026-08-20 13:10:46 - aiop - INFO - AIOP v0.1.0 initializing...
2026-08-20 13:10:46 - aiop - INFO - Test log message
2026-08-20 13:10:46 - aiop - ERROR - Test error message
2026-08-20 13:10:46 - aiop - ERROR - Error in VAD: 'bytes' object has no attribute 'format'
2026-08-20 13:10:46 - aiop - INFO - Downloading model: tiny (75.00 MB)
2026-08-20 13:10:48 - aiop - ERROR - Checksum verification failed for tiny
2026-08-20 13:10:48 - aiop - WARNING - Failed to load whisper model: Model not found and failed to download: tiny
2026-08-20 13:10:48 - aiop - INFO - Downloading model: tiny (75.00 MB)
2026-08-20 13:10:49 - aiop - ERROR - Checksum verification failed for tiny
2026-08-20 13:10:49 - aiop - WARNING - Failed to load whisper model: Model not found and failed to download: tiny
2026-08-20 13:10:49 - aiop - INFO - Transcription started
2026-08-20 13:10:49 - aiop - INFO - Transcription stopped
2026-08-20 13:10:49 - aiop - INFO - Downloading model: tiny (75.00 MB)
2026-08-20 13:10:51 - aiop - ERROR - Checksum verification failed for tiny
2026-08-20 13:10:51 - aiop - WARNING - Failed to load whisper model: Model not found and failed to download: tiny
2026-08-20 13:10:51 - aiop - ERROR - Failed to load config: mapping values are not allowed here
  in "/tmp/pytest-of-root/pytest-0/test_invalid_config_recovery0/config/config.yaml", line 1, column 14
2026-08-20 13:11:11 - aiop - INFO - AIOP v0.1.0 initializing...
2026-08-20 13:11:12 - aiop - INFO - Test log message
2026-08-20 13:11:12 - aiop - ERROR - Test error message
2026-08-20 13:11:12 - aiop - ERROR - Error in VAD: 'bytes' object has no attribute 'format'
2026-08-20 13:11:12 - aiop - INFO - Downloading model: tiny (75.00 MB)
2026-08-20 13:11:14 - aiop - ERROR - Checksum verification failed for tiny
2026-08-20 13:11:14 - aiop - WARNING - Failed to load whisper model: Model not found and failed to download: tiny
2026-08-20 13:11:14 - aiop - INFO - Downloading model: tiny (75.00 MB)
2026-08-20 13:11:15 - aiop - ERROR - Checksum verification failed for tiny
2026-08-20 13:11:15 - aiop - WARNING - Failed to load whisper model: Model not found and failed to download: tiny
2026-08-20 13:11:15 - aiop - INFO - Transcription started
2026-08-20 13:11:15 - aiop - INFO - Transcription stopped
2026-08-20 13:11:15 - aiop - INFO - Downloading model: tiny (75.00 MB)
2026-08-20 13:11:17 - aiop - ERROR - Checksum verification failed for tiny
2026-08-20 13:11:17 - aiop - WARNING - Failed to load whisper model: Model not found and failed to download: tiny
2026-08-20 13:11:17 - aiop - ERROR - Failed to load config: mapping values are not allowed here
  in "/tmp/pytest-of-root/pytest-1/test_invalid_config_recovery0/config/config.yaml", line 1, column 14
2026-08-20 13:11:20 - aiop - INFO - AIOP v0.1.0 initializing...
2026-08-20 13:11:20 - aiop - INFO - AI Operating Platform starting...
2026-08-20 13:11:20 - aiop - INFO - Config directory: /root/.config/aiop/config
2026-08-20 13:11:20 - aiop - INFO - Log directory: /root/.config/aiop/logs
2026-08-20 13:11:20 - aiop - WARNING - whisper.cpp library not available: whisper.cpp library not found. Please download from https://github.com/ggerganov/whisper.cpp and place whisper.dll in the models directory, or install the Python package: pip install whispercpp
2026-08-20 13:11:24 - aiop - INFO - AIOP v0.1.0 initializing...
2026-08-20 13:11:24 - aiop - INFO - AI Operating Platform starting...
2026-08-20 13:11:24 - aiop - INFO - Config directory: /root/.config/aiop/config
2026-08-20 13:11:24 - aiop - INFO - Log directory: /root/.config/aiop/logs
2026-08-20 13:11:24 - aiop - WARNING - whisper.cpp library not available: whisper.cpp library not found. Please download from https://github.com/ggerganov/whisper.cpp and place whisper.dll in the models directory, or install the Python package: pip install whispercpp
2026-08-20 13:11:24 - aiop - WARNING - Failed to load whisper model: whisper.cpp library not found. Please download from https://github.com/ggerganov/whisper.cpp and place whisper.dll in the models directory, or install the Python package: pip install whispercpp
2026-08-20 13:11:24 - aiop - WARNING - Clipboard features are only available on Windows
2026-08-20 13:11:24 - aiop - WARNING - Clipboard not available on this platform
2026-08-20 13:11:24 - aiop - WARNING - Failed to load whisper model: whisper.cpp library not found. Please download from https://github.com/ggerganov/whisper.cpp and place whisper.dll in the models directory, or install the Python package: pip install whispercpp
2026-08-20 13:11:24 - aiop - WARNING - Hotkey features are only available on Windows
2026-08-20 13:11:24 - aiop - ERROR - Failed to register hotkeys: 'NoneType' object has no attribute 'RegisterHotKey'
2026-08-20 13:11:25 - aiop - WARNING - Clipboard not available on this platform
2026-08-20 13:11:26 - aiop - WARNING - Clipboard not available on this platform
2026-08-20 13:11:27 - aiop - WARNING - Clipboard not available on this platform
2026-08-20 13:11:28 - aiop - WARNING - Clipboard not available on this platform
2026-08-20 13:11:29 - aiop - WARNING - Clipboard not available on this platform
2026-08-20 13:11:30 - aiop - WARNING - Clipboard not available on this platform
2026-08-20 13:11:31 - aiop - WARNING - Clipboard not available on this platform
2026-08-20 13:11:32 - aiop - WARNING - Clipboard not available on this platform
2026-08-20 13:11:33 - aiop - WARNING - Clipboard not available on this platform
2026-08-20 13:11:34 - aiop - WARNING - Clipboard not available on this platform
2026-08-20 13:11:35 - aiop - WARNING - Clipboard not available on this platform
2026-08-20 13:11:36 - aiop - WARNING - Clipboard not available on this platform
2026-08-20 13:11:37 - aiop - WARNING - Clipboard not available on this platform
2026-08-20 13:11:38 - aiop - WARNING - Clipboard not available on this platform
2026-08-20 13:11:39 - aiop - WARNING - Clipboard not available on this platform
2026-08-20 13:11:40 - aiop - WARNING - Clipboard not available on this platform
2026-08-20 13:11:41 - aiop - WARNING - Clipboard not available on this platform
2026-08-20 13:11:42 - aiop - WARNING - Clipboard not available on this platform
2026-08-20 13:11:43 - aiop - WARNING - Clipboard not available on this platform
2026-08-20 13:11:44 - aiop - WARNING - Clipboard not available on this platform
2026-08-20 13:11:45 - aiop - WARNING - Clipboard not available on this platform
2026-08-20 13:11:46 - aiop - WARNING - Clipboard not available on this platform
2026-08-20 13:11:47 - aiop - WARNING - Clipboard not available on this platform
2026-08-20 13:11:48 - aiop - WARNING - Clipboard not available on this platform
2026-08-20 13:11:49 - aiop - WARNING - Clipboard not available on this platform
2026-08-20 13:11:50 - aiop - WARNING - Clipboard not available on this platform
2026-08-20 13:11:51 - aiop - WARNING - Clipboard not available on this platform
2026-08-20 13:11:52 - aiop - WARNING - Clipboard not available on this platform
2026-08-20 13:11:53 - aiop - WARNING - Clipboard not available on this platform
2026-08-20 13:11:54 - aiop - WARNING - Clipboard not available on this platform
2026-08-20 13:11:55 - aiop - WARNING - Clipboard not available on this platform
2026-08-20 13:11:56 - aiop - WARNING - Clipboard not available on this platform
2026-08-20 13:11:57 - aiop - WARNING - Clipboard not available on this platform
2026-08-20 13:11:58 - aiop - WARNING - Clipboard not available on this platform
2026-08-20 13:11:59 - aiop - WARNING - Clipboard not available on this platform
2026-08-20 13:12:00 - aiop - WARNING - Clipboard not available on this platform
2026-08-20 13:12:01 - aiop - WARNING - Clipboard not available on this platform
2026-08-20 13:12:02 - aiop - WARNING - Clipboard not available on this platform
2026-08-20 13:12:03 - aiop - WARNING - Clipboard not available on this platform
2026-08-20 13:12:04 - aiop - WARNING - Clipboard not available on this platform
2026-08-20 13:12:05 - aiop - WARNING - Clipboard not available on this platform
2026-08-20 13:12:06 - aiop - WARNING - Clipboard not available on this platform
2026-08-20 13:12:07 - aiop - WARNING - Clipboard not available on this platform
2026-08-20 13:12:08 - aiop - WARNING - Clipboard not available on this platform
2026-08-20 13:12:09 - aiop - WARNING - Clipboard not available on this platform
2026-08-20 13:12:10 - aiop - WARNING - Clipboard not available on this platform
2026-08-20 13:12:11 - aiop - WARNING - Clipboard not available on this platform
2026-08-20 13:12:12 - aiop - WARNING - Clipboard not available on this platform
2026-08-20 13:12:13 - aiop - WARNING - Clipboard not available on this platform
2026-08-20 13:12:14 - aiop - WARNING - Clipboard not available on this platform
2026-08-20 13:12:15 - aiop - WARNING - Clipboard not available on this platform
2026-08-20 13:12:16 - aiop - WARNING - Clipboard not available on this platform
2026-08-20 13:12:17 - aiop - WARNING - Clipboard not available on this platform
2026-08-20 13:12:18 - aiop - WARNING - Clipboard not available on this platform
2026-08-20 13:12:19 - aiop - WARNING - Clipboard not available on this platform
2026-08-20 13:12:20 - aiop - WARNING - Clipboard not available on this platform
2026-08-20 13:12:21 - aiop - WARNING - Clipboard not available on this platform
2026-08-20 13:12:22 - aiop - WARNING - Clipboard not available on this platform
2026-08-20 13:12:23 - aiop - WARNING - Clipboard not available on this platform
2026-08-20 13:12:24 - aiop - WARNING - Clipboard not available on this platform
2026-08-20 13:12:25 - aiop - WARNING - Clipboard not available on this platform
2026-08-20 13:12:26 - aiop - WARNING - Clipboard not available on this platform
2026-08-20 13:12:27 - aiop - WARNING - Clipboard not available on this platform
2026-08-20 13:12:28 - aiop - WARNING - Clipboard not available on this platform
2026-08-20 13:12:29 - aiop - WARNING - Clipboard not available on this platform
2026-08-20 13:12:30 - aiop - WARNING - Clipboard not available on this platform
2026-08-20 13:12:31 - aiop - WARNING - Clipboard not available on this platform
2026-08-20 13:12:32 - aiop - WARNING - Clipboard not available on this platform
2026-08-20 13:12:33 - aiop - WARNING - Clipboard not available on this platform
2026-08-20 13:12:34 - aiop - WARNING - Clipboard not available on this platform
2026-08-20 13:12:35 - aiop - WARNING - Clipboard not available on this platform
2026-08-20 13:12:36 - aiop - WARNING - Clipboard not available on this platform
2026-08-20 13:12:37 - aiop - WARNING - Clipboard not available on this platform
2026-08-20 13:12:38 - aiop - WARNING - Clipboard not available on this platform
2026-08-20 13:12:39 - aiop - WARNING - Clipboard not available on this platform
2026-08-20 13:12:40 - aiop - WARNING - Clipboard not available on this platform
2026-08-20 13:12:41 - aiop - WARNING - Clipboard not available on this platform
2026-08-20 13:12:42 - aiop - WARNING - Clipboard not available on this platform
2026-08-20 13:12:43 - aiop - WARNING - Clipboard not available on this platform
2026-08-20 13:12:44 - aiop - WARNING - Clipboard not available on this platform
2026-08-20 13:12:45 - aiop - WARNING - Clipboard not available on this platform
2026-08-20 13:12:46 - aiop - WARNING - Clipboard not available on this platform
2026-08-20 13:12:47 - aiop - WARNING - Clipboard not available on this platform
2026-08-20 13:12:48 - aiop - WARNING - Clipboard not available on this platform
2026-08-20 13:12:49 - aiop - WARNING - Clipboard not available on this platform
2026-08-20 13:12:50 - aiop - WARNING - Clipboard not available on this platform
2026-08-20 13:12:51 - aiop - WARNING - Clipboard not available on this platform
2026-08-20 13:12:52 - aiop - WARNING - Clipboard not available on this platform
2026-08-20 13:12:53 - aiop - WARNING - Clipboard not available on this platform
2026-08-20 13:12:54 - aiop - WARNING - Clipboard not available on this platform
2026-08-20 13:12:55 - aiop - WARNING - Clipboard not available on this platform
2026-08-20 13:12:56 - aiop - WARNING - Clipboard not available on this platform
2026-08-20 13:12:57 - aiop - WARNING - Clipboard not available on this platform
2026-08-20 13:18:22 - aiop - INFO - AIOP v0.1.0 initializing...
2026-08-20 13:18:22 - aiop - INFO - AI Operating Platform starting...
2026-08-20 13:18:22 - aiop - INFO - Config directory: /root/.config/aiop/config
2026-08-20 13:18:22 - aiop - INFO - Log directory: /root/.config/aiop/logs
2026-08-20 13:18:22 - aiop - WARNING - whisper.cpp library not available: whisper.cpp library not found. Please download from https://github.com/ggerganov/whisper.cpp and place whisper.dll in the models directory, or install the Python package: pip install whispercpp
2026-08-20 13:18:28 - aiop - INFO - AIOP v0.1.0 initializing...
2026-08-20 13:18:28 - aiop - INFO - AI Operating Platform starting...
2026-08-20 13:18:28 - aiop - INFO - Config directory: /root/.config/aiop/config
2026-08-20 13:18:28 - aiop - INFO - Log directory: /root/.config/aiop/logs
2026-08-20 13:18:28 - aiop - WARNING - whisper.cpp library not available: whisper.cpp library not found. Please download from https://github.com/ggerganov/whisper.cpp and place whisper.dll in the models directory, or install the Python package: pip install whispercpp
2026-08-20 13:18:28 - aiop - WARNING - Failed to load whisper model: whisper.cpp library not found. Please download from https://github.com/ggerganov/whisper.cpp and place whisper.dll in the models directory, or install the Python package: pip install whispercpp
2026-08-20 13:18:28 - aiop - WARNING - Clipboard features are only available on Windows
2026-08-20 13:18:28 - aiop - WARNING - Clipboard not available on this platform
2026-08-20 13:18:28 - aiop - WARNING - Failed to load whisper model: whisper.cpp library not found. Please download from https://github.com/ggerganov/whisper.cpp and place whisper.dll in the models directory, or install the Python package: pip install whispercpp
2026-08-20 13:18:28 - aiop - WARNING - Hotkey features are only available on Windows
2026-08-20 13:18:28 - aiop - ERROR - Failed to register hotkeys: 'NoneType' object has no attribute 'RegisterHotKey'
2026-08-20 13:18:29 - aiop - WARNING - Clipboard not available on this platform
2026-08-20 13:18:30 - aiop - WARNING - Clipboard not available on this platform
2026-08-20 13:18:31 - aiop - WARNING - Clipboard not available on this platform
2026-08-20 13:18:32 - aiop - WARNING - Clipboard not available on this platform
2026-08-20 13:18:33 - aiop - WARNING - Clipboard not available on this platform
2026-08-20 13:18:34 - aiop - WARNING - Clipboard not available on this platform
2026-08-20 13:18:35 - aiop - WARNING - Clipboard not available on this platform
2026-08-20 13:18:36 - aiop - WARNING - Clipboard not available on this platform
2026-08-20 13:18:37 - aiop - WARNING - Clipboard not available on this platform
2026-08-20 13:18:38 - aiop - WARNING - Clipboard not available on this platform
2026-08-20 13:18:39 - aiop - WARNING - Clipboard not available on this platform
2026-08-20 13:18:40 - aiop - WARNING - Clipboard not available on this platform
2026-08-20 13:18:41 - aiop - WARNING - Clipboard not available on this platform
2026-08-20 13:18:42 - aiop - WARNING - Clipboard not available on this platform
2026-08-20 13:18:43 - aiop - WARNING - Clipboard not available on this platform
2026-08-20 13:18:44 - aiop - WARNING - Clipboard not available on this platform
2026-08-20 13:18:45 - aiop - WARNING - Clipboard not available on this platform
2026-08-20 13:18:46 - aiop - WARNING - Clipboard not available on this platform
2026-08-20 13:18:47 - aiop - WARNING - Clipboard not available on this platform
2026-08-20 13:18:48 - aiop - WARNING - Clipboard not available on this platform
2026-08-20 13:18:49 - aiop - WARNING - Clipboard not available on this platform
2026-08-20 13:18:50 - aiop - WARNING - Clipboard not available on this platform
2026-08-20 13:18:51 - aiop - WARNING - Clipboard not available on this platform
2026-08-20 13:18:52 - aiop - WARNING - Clipboard not available on this platform
2026-08-20 13:18:53 - aiop - WARNING - Clipboard not available on this platform
2026-08-20 13:18:54 - aiop - WARNING - Clipboard not available on this platform
2026-08-20 13:18:55 - aiop - WARNING - Clipboard not available on this platform
2026-08-20 13:18:56 - aiop - WARNING - Clipboard not available on this platform
2026-08-20 13:18:57 - aiop - WARNING - Clipboard not available on this platform
2026-08-20 13:18:58 - aiop - WARNING - Clipboard not available on this platform
2026-08-20 13:18:59 - aiop - WARNING - Clipboard not available on this platform
2026-08-20 13:19:00 - aiop - WARNING - Clipboard not available on this platform
2026-08-20 13:19:01 - aiop - WARNING - Clipboard not available on this platform
2026-08-20 13:19:02 - aiop - WARNING - Clipboard not available on this platform
2026-08-20 13:19:03 - aiop - WARNING - Clipboard not available on this platform
2026-08-20 13:19:04 - aiop - WARNING - Clipboard not available on this platform
2026-08-20 13:19:05 - aiop - WARNING - Clipboard not available on this platform
2026-08-20 13:19:06 - aiop - WARNING - Clipboard not available on this platform
2026-08-20 13:19:07 - aiop - WARNING - Clipboard not available on this platform
2026-08-20 13:19:08 - aiop - WARNING - Clipboard not available on this platform
2026-08-20 13:19:09 - aiop - WARNING - Clipboard not available on this platform
2026-08-20 13:19:10 - aiop - WARNING - Clipboard not available on this platform
2026-08-20 13:19:11 - aiop - WARNING - Clipboard not available on this platform
2026-08-20 13:19:12 - aiop - WARNING - Clipboard not available on this platform
2026-08-20 13:19:13 - aiop - WARNING - Clipboard not available on this platform
2026-08-20 13:19:14 - aiop - WARNING - Clipboard not available on this platform
2026-08-20 13:19:15 - aiop - WARNING - Clipboard not available on this platform
2026-08-20 13:19:16 - aiop - WARNING - Clipboard not available on this platform
2026-08-20 13:19:17 - aiop - WARNING - Clipboard not available on this platform
2026-08-20 13:19:18 - aiop - WARNING - Clipboard not available on this platform
2026-08-20 13:19:19 - aiop - WARNING - Clipboard not available on this platform
2026-08-20 13:19:20 - aiop - WARNING - Clipboard not available on this platform
2026-08-20 13:19:21 - aiop - WARNING - Clipboard not available on this platform
2026-08-20 13:19:22 - aiop - WARNING - Clipboard not available on this platform
2026-08-20 13:19:23 - aiop - WARNING - Clipboard not available on this platform
2026-08-20 13:19:24 - aiop - WARNING - Clipboard not available on this platform
2026-08-20 13:19:25 - aiop - WARNING - Clipboard not available on this platform
2026-08-20 13:19:26 - aiop - WARNING - Clipboard not available on this platform
2026-08-20 13:19:27 - aiop - WARNING - Clipboard not available on this platform
2026-08-20 13:19:28 - aiop - WARNING - Clipboard not available on this platform
2026-08-20 13:19:29 - aiop - WARNING - Clipboard not available on this platform
2026-08-20 13:19:30 - aiop - WARNING - Clipboard not available on this platform
2026-08-20 13:19:31 - aiop - WARNING - Clipboard not available on this platform
2026-08-20 13:19:32 - aiop - WARNING - Clipboard not available on this platform
2026-08-20 13:19:33 - aiop - WARNING - Clipboard not available on this platform
2026-08-20 13:19:34 - aiop - WARNING - Clipboard not available on this platform
2026-08-20 13:19:35 - aiop - WARNING - Clipboard not available on this platform
2026-08-20 13:19:36 - aiop - WARNING - Clipboard not available on this platform
2026-08-20 13:19:37 - aiop - WARNING - Clipboard not available on this platform
2026-08-20 13:19:38 - aiop - WARNING - Clipboard not available on this platform
2026-08-20 13:19:39 - aiop - WARNING - Clipboard not available on this platform
2026-08-20 13:19:40 - aiop - WARNING - Clipboard not available on this platform
2026-08-20 13:19:41 - aiop - WARNING - Clipboard not available on this platform
2026-08-20 13:19:42 - aiop - WARNING - Clipboard not available on this platform
2026-08-20 13:19:43 - aiop - WARNING - Clipboard not available on this platform
2026-08-20 13:19:44 - aiop - WARNING - Clipboard not available on this platform
2026-08-20 13:19:45 - aiop - WARNING - Clipboard not available on this platform
2026-08-20 13:19:46 - aiop - WARNING - Clipboard not available on this platform
2026-08-20 13:19:47 - aiop - WARNING - Clipboard not available on this platform
2026-08-20 13:19:48 - aiop - WARNING - Clipboard not available on this platform
2026-08-20 13:19:49 - aiop - WARNING - Clipboard not available on this platform
2026-08-20 13:19:50 - aiop - WARNING - Clipboard not available on this platform
2026-08-20 13:19:51 - aiop - WARNING - Clipboard not available on this platform
2026-08-20 13:19:52 - aiop - WARNING - Clipboard not available on this platform
2026-08-20 13:19:53 - aiop - WARNING - Clipboard not available on this platform
2026-08-20 13:19:54 - aiop - WARNING - Clipboard not available on this platform
2026-08-20 13:19:55 - aiop - WARNING - Clipboard not available on this platform
2026-08-20 13:19:56 - aiop - WARNING - Clipboard not available on this platform
2026-08-20 13:19:57 - aiop - WARNING - Clipboard not available on this platform
2026-08-20 13:19:58 - aiop - WARNING - Clipboard not available on this platform
2026-08-20 13:20:11 - aiop - INFO - AIOP v0.1.0 initializing...
2026-08-20 13:20:11 - aiop - INFO - AI Operating Platform starting...
2026-08-20 13:20:11 - aiop - INFO - Config directory: /root/.config/aiop/config
2026-08-20 13:20:11 - aiop - INFO - Log directory: /root/.config/aiop/logs
2026-08-20 13:20:11 - aiop - INFO - whispercpp Python package is available
2026-08-20 13:20:19 - aiop - INFO - AIOP v0.1.0 initializing...
2026-08-20 13:20:19 - aiop - INFO - AI Operating Platform starting...
2026-08-20 13:20:19 - aiop - INFO - Config directory: /root/.config/aiop/config
2026-08-20 13:20:19 - aiop - INFO - Log directory: /root/.config/aiop/logs
2026-08-20 13:20:19 - aiop - INFO - whispercpp Python package is available
2026-08-20 13:20:19 - aiop - INFO - Using Python whispercpp package
2026-08-20 13:20:19 - aiop - INFO - Using Python whispercpp package - no native library needed
2026-08-20 13:20:19 - aiop - WARNING - Clipboard features are only available on Windows
2026-08-20 13:20:19 - aiop - WARNING - Clipboard not available on this platform
2026-08-20 13:20:19 - aiop - WARNING - Hotkey features are only available on Windows
2026-08-20 13:20:19 - aiop - ERROR - Failed to register hotkeys: 'NoneType' object has no attribute 'RegisterHotKey'
2026-08-20 13:20:20 - aiop - WARNING - Clipboard not available on this platform
2026-08-20 13:20:21 - aiop - WARNING - Clipboard not available on this platform
2026-08-21 13:07:17 - aiop.ui - WARNING - UI modules not available: libEGL.so.1: cannot open shared object file: No such file or directory
2026-08-21 13:07:17 - aiop - INFO - AIOP v0.1.0 initializing...
2026-08-21 13:07:18 - aiop - INFO - Test log message
2026-08-21 13:07:18 - aiop - ERROR - Test error message
2026-08-21 13:07:18 - aiop - ERROR - Error in VAD: 'bytes' object has no attribute 'format'
2026-08-21 13:07:18 - aiop - INFO - Downloading model: tiny (75.00 MB)
2026-08-21 13:07:19 - aiop - ERROR - Checksum verification failed for tiny
2026-08-21 13:07:19 - aiop - WARNING - Failed to load whisper model: Model not found and failed to download: tiny
2026-08-21 13:07:19 - aiop - INFO - Downloading model: tiny (75.00 MB)
2026-08-21 13:07:21 - aiop - ERROR - Checksum verification failed for tiny
2026-08-21 13:07:21 - aiop - WARNING - Failed to load whisper model: Model not found and failed to download: tiny
2026-08-21 13:07:21 - aiop - INFO - Transcription started
2026-08-21 13:07:21 - aiop - INFO - Transcription stopped
2026-08-21 13:07:21 - aiop - INFO - Downloading model: tiny (75.00 MB)
2026-08-21 13:07:23 - aiop - ERROR - Checksum verification failed for tiny
2026-08-21 13:07:23 - aiop - WARNING - Failed to load whisper model: Model not found and failed to download: tiny
2026-08-21 13:07:23 - aiop - ERROR - Failed to load config: mapping values are not allowed here
  in "/tmp/pytest-of-root/pytest-0/test_invalid_config_recovery0/config/config.yaml", line 1, column 14
